Just (VariantRecord3'A {variantRecord3'A = 1, variantRecord3'B = "a", variantRecord3'C = True})
