Just (VariantRecord3A {_variantRecord3A = 1, _variantRecord3B = "a", _variantRecord3C = True})
