Type checking errors:
<interactive>:3:4: error:
    • Constructor name "VariantRecord3A" doesn't match constructor name "VariantRecord3'A".
    • In the first argument of ‘unTransformer’, namely
        ‘(genericRenamingTransformer ::
            Transformer A.VariantRecord3 A.VariantRecord3')’
      In the expression:
        unTransformer
          (genericRenamingTransformer ::
             Transformer A.VariantRecord3 A.VariantRecord3')
          (A.VariantRecord3A 1 "a" True)
<interactive>:3:4: error:
    • Constructor name "VariantRecord3B" doesn't match constructor name "VariantRecord3'B".
    • In the first argument of ‘unTransformer’, namely
        ‘(genericRenamingTransformer ::
            Transformer A.VariantRecord3 A.VariantRecord3')’
      In the expression:
        unTransformer
          (genericRenamingTransformer ::
             Transformer A.VariantRecord3 A.VariantRecord3')
          (A.VariantRecord3A 1 "a" True)
<interactive>:3:4: error:
    • Constructor name "VariantRecord3C" doesn't match constructor name "VariantRecord3'C".
    • In the first argument of ‘unTransformer’, namely
        ‘(genericRenamingTransformer ::
            Transformer A.VariantRecord3 A.VariantRecord3')’
      In the expression:
        unTransformer
          (genericRenamingTransformer ::
             Transformer A.VariantRecord3 A.VariantRecord3')
          (A.VariantRecord3A 1 "a" True)
