Version graph:
VersionGraph {unVersionGraph = fromList [(VersionNumber {unVersionNumber = 0 :| []},fromList []),(VersionNumber {unVersionNumber = 1 :| [0,0]},fromList [VersionNumber {unVersionNumber = 2 :| [0,0]}]),(VersionNumber {unVersionNumber = 2 :| [0,0]},fromList [])]}
Earliest version number:
Just "0"
Latest version number:
Just "2.0.0"
Earliest version number after earliest version number:
Nothing
Latest version number after earliest version number:
Nothing
