Type checking errors:
Couldn't match type: Code Int
               with: Head (Code Int) : Tail (Code Int)
  arising from a use of ‘genericReorderingTransformer’
In the first argument of ‘unTransformer’, namely
  ‘(genericReorderingTransformer ::
      Transformer Unlabelled2 Unlabelled2)’
In the expression:
  unTransformer
    (genericReorderingTransformer ::
       Transformer Unlabelled2 Unlabelled2)
    (Unlabelled2A 1 "a")
