Config:
Left (AesonException "Error in $: parsing LowarnConfig failed, expected Object, but encountered Null")
