Type checking errors:
No instance for (OrderWithSymbols
                   (OrderWithSymbolsBs '[] '[] '["Variant1B"])
                   (OrderWithSymbolsWbs '[] '[] '["Variant1B"])
                   '[]
                   '[]
                   '[])
  arising from a use of ‘genericReorderingTransformer’
In the first argument of ‘unTransformer’, namely
  ‘(genericReorderingTransformer :: Transformer Variant1 Variant1)’
In the expression:
  unTransformer
    (genericReorderingTransformer :: Transformer Variant1 Variant1)
    Variant1A
