Just [Record1A {record1A = 0},Record1A {record1A = 1},Record1A {record1A = 2}]
