Type checking errors:
<interactive>:3:4: error:
    • No instance for (Lowarn.Transformer.OrderWithSymbols
                         '[Int]
                         '[]
                         '[]
                         '[t0]
                         (Lowarn.Transformer.OrderWithSymbolsWbs '[Int] '[] '[]))
        arising from a use of ‘genericReorderingTransformer’
    • In the first argument of ‘unTransformer’, namely
        ‘(genericReorderingTransformer ::
            Transformer A.VariantTuple1 B.VariantTuple1)’
      In the expression:
        unTransformer
          (genericReorderingTransformer ::
             Transformer A.VariantTuple1 B.VariantTuple1)
          (A.VariantTuple1A 1)
