Type checking errors:
Couldn't match type: '[ 'FieldInfo "_variantUnlabelled3A",
                        'FieldInfo "_variantUnlabelled3B",
                        'FieldInfo "_variantUnlabelled3C"]
               with: '[]
  arising from a use of ‘genericRenamingTransformer’
In the first argument of ‘unTransformer’, namely
  ‘(genericRenamingTransformer ::
      Transformer VariantUnlabelled3 VariantUnlabelled3)’
In the expression:
  unTransformer
    (genericRenamingTransformer ::
       Transformer VariantUnlabelled3 VariantUnlabelled3)
    (VariantUnlabelled3A 1 "a" True)
