Just (VariantRecord3B {_variantRecord3B = "a", _variantRecord3A = 1, _variantRecord3C = True})
