Just (VariantRecord3'A {_variantRecord3'A = 1, _variantRecord3'B = "a", _variantRecord3'C = True})
