Type checking errors:
Couldn't match type: '[]
               with: Head '[] : Tail '[]
  arising from a use of ‘genericRenamingTransformer’
In the first argument of ‘unTransformer’, namely
  ‘(genericRenamingTransformer ::
      Transformer VariantRecord3 VariantRecord3)’
In the expression:
  unTransformer
    (genericRenamingTransformer ::
       Transformer VariantRecord3 VariantRecord3)
    (VariantRecord3A 1 "a" True)
