Type checking errors:
Couldn't match type: '[Variant1]
               with: '[]
  arising from a use of ‘genericUnwrapTransformer’
In the first argument of ‘unTransformer’, namely
  ‘(genericUnwrapTransformer ::
      Transformer Variant1Wrapper'' Variant1)’
In the expression:
  unTransformer
    (genericUnwrapTransformer ::
       Transformer Variant1Wrapper'' Variant1)
    (Variant1Wrapper'' Variant1A Variant1A)
