Just (Record3A {record3C = True, record3A = 1, record3B = "a"})
