Config:
Right (LowarnConfig {lowarnConfigProgramName = ProgramName {unProgramName = "following"}, lowarnConfigUnload = False, lowarnConfigSystemLinker = True})
